W0822 15:52:22.978000 931061 torch/onnx/_internal/exporter/_registration.py:107] torchvision is not installed. Skipping torchvision::nms
W0822 15:52:22.979000 931061 torch/onnx/_internal/exporter/_registration.py:107] torchvision is not installed. Skipping torchvision::roi_align
W0822 15:52:22.979000 931061 torch/onnx/_internal/exporter/_registration.py:107] torchvision is not installed. Skipping torchvision::roi_pool
W0822 15:52:22.979000 931061 torch/onnx/_internal/exporter/_registration.py:107] torchvision is not installed. Skipping torchvision::deform_conv2d
/usr/lib/python3.12/copyreg.py:99: FutureWarning: `isinstance(treespec, LeafSpec)` is deprecated, use `isinstance(treespec, TreeSpec) and treespec.is_leaf()` instead.
  return cls.__new__(cls, *args)
W0822 15:52:23.698000 931061 torch/onnx/_internal/exporter/_registration.py:107] torchvision is not installed. Skipping torchvision::nms
W0822 15:52:23.699000 931061 torch/onnx/_internal/exporter/_registration.py:107] torchvision is not installed. Skipping torchvision::roi_align
W0822 15:52:23.699000 931061 torch/onnx/_internal/exporter/_registration.py:107] torchvision is not installed. Skipping torchvision::roi_pool
W0822 15:52:23.699000 931061 torch/onnx/_internal/exporter/_registration.py:107] torchvision is not installed. Skipping torchvision::deform_conv2d
/usr/lib/python3.12/copyreg.py:99: FutureWarning: `isinstance(treespec, LeafSpec)` is deprecated, use `isinstance(treespec, TreeSpec) and treespec.is_leaf()` instead.
  return cls.__new__(cls, *args)
ConstraintOptimizationAllocationStage: legacy kwargs configuration path is deprecated. Please pass a ConstraintOptStageConfig. Building config from kwargs for now.
seq=8192 mode=alternate ours(c4) med=22954.3 
mha(p4) med=23538.4
W0822 15:53:35.525000 932197 torch/onnx/_internal/exporter/_registration.py:107] torchvision is not installed. Skipping torchvision::nms
W0822 15:53:35.526000 932197 torch/onnx/_internal/exporter/_registration.py:107] torchvision is not installed. Skipping torchvision::roi_align
W0822 15:53:35.526000 932197 torch/onnx/_internal/exporter/_registration.py:107] torchvision is not installed. Skipping torchvision::roi_pool
W0822 15:53:35.526000 932197 torch/onnx/_internal/exporter/_registration.py:107] torchvision is not installed. Skipping torchvision::deform_conv2d
/usr/lib/python3.12/copyreg.py:99: FutureWarning: `isinstance(treespec, LeafSpec)` is deprecated, use `isinstance(treespec, TreeSpec) and treespec.is_leaf()` instead.
  return cls.__new__(cls, *args)
seq=8192 mode=alternate ours(c4) med=22893.7 
mha(p4) med=23533.8
W0822 15:53:41.729000 932372 torch/onnx/_internal/exporter/_registration.py:107] torchvision is not installed. Skipping torchvision::nms
W0822 15:53:41.730000 932372 torch/onnx/_internal/exporter/_registration.py:107] torchvision is not installed. Skipping torchvision::roi_align
W0822 15:53:41.730000 932372 torch/onnx/_internal/exporter/_registration.py:107] torchvision is not installed. Skipping torchvision::roi_pool
W0822 15:53:41.730000 932372 torch/onnx/_internal/exporter/_registration.py:107] torchvision is not installed. Skipping torchvision::deform_conv2d
/usr/lib/python3.12/copyreg.py:99: FutureWarning: `isinstance(treespec, LeafSpec)` is deprecated, use `isinstance(treespec, TreeSpec) and treespec.is_leaf()` instead.
  return cls.__new__(cls, *args)
seq=8192 mode=alternate ours(c4) med=22893.0 
mha(p4) med=23518.4
W0822 15:53:47.916000 932671 torch/onnx/_internal/exporter/_registration.py:107] torchvision is not installed. Skipping torchvision::nms
W0822 15:53:47.917000 932671 torch/onnx/_internal/exporter/_registration.py:107] torchvision is not installed. Skipping torchvision::roi_align
W0822 15:53:47.917000 932671 torch/onnx/_internal/exporter/_registration.py:107] torchvision is not installed. Skipping torchvision::roi_pool
W0822 15:53:47.917000 932671 torch/onnx/_internal/exporter/_registration.py:107] torchvision is not installed. Skipping torchvision::deform_conv2d
/usr/lib/python3.12/copyreg.py:99: FutureWarning: `isinstance(treespec, LeafSpec)` is deprecated, use `isinstance(treespec, TreeSpec) and treespec.is_leaf()` instead.
  return cls.__new__(cls, *args)
seq=8192 mode=alternate ours(c4) med=23193.8 
mha(p4) med=23967.0
W0822 15:53:54.116000 932774 torch/onnx/_internal/exporter/_registration.py:107] torchvision is not installed. Skipping torchvision::nms
W0822 15:53:54.117000 932774 torch/onnx/_internal/exporter/_registration.py:107] torchvision is not installed. Skipping torchvision::roi_align
W0822 15:53:54.117000 932774 torch/onnx/_internal/exporter/_registration.py:107] torchvision is not installed. Skipping torchvision::roi_pool
W0822 15:53:54.117000 932774 torch/onnx/_internal/exporter/_registration.py:107] torchvision is not installed. Skipping torchvision::deform_conv2d
/usr/lib/python3.12/copyreg.py:99: FutureWarning: `isinstance(treespec, LeafSpec)` is deprecated, use `isinstance(treespec, TreeSpec) and treespec.is_leaf()` instead.
  return cls.__new__(cls, *args)
seq=8192 mode=alternate ours(c4) med=23214.0 
mha(p4) med=23542.0
W0822 15:54:00.378000 932919 torch/onnx/_internal/exporter/_registration.py:107] torchvision is not installed. Skipping torchvision::nms
W0822 15:54:00.379000 932919 torch/onnx/_internal/exporter/_registration.py:107] torchvision is not installed. Skipping torchvision::roi_align
W0822 15:54:00.379000 932919 torch/onnx/_internal/exporter/_registration.py:107] torchvision is not installed. Skipping torchvision::roi_pool
W0822 15:54:00.379000 932919 torch/onnx/_internal/exporter/_registration.py:107] torchvision is not installed. Skipping torchvision::deform_conv2d
/usr/lib/python3.12/copyreg.py:99: FutureWarning: `isinstance(treespec, LeafSpec)` is deprecated, use `isinstance(treespec, TreeSpec) and treespec.is_leaf()` instead.
  return cls.__new__(cls, *args)
seq=8192 mode=alternate ours(c4) med=22893.5 
mha(p4) med=23457.1
