W0822 15:59:57.389000 937398 torch/onnx/_internal/exporter/_registration.py:107] torchvision is not installed. Skipping torchvision::nms
W0822 15:59:57.389000 937398 torch/onnx/_internal/exporter/_registration.py:107] torchvision is not installed. Skipping torchvision::roi_align
W0822 15:59:57.389000 937398 torch/onnx/_internal/exporter/_registration.py:107] torchvision is not installed. Skipping torchvision::roi_pool
W0822 15:59:57.389000 937398 torch/onnx/_internal/exporter/_registration.py:107] torchvision is not installed. Skipping torchvision::deform_conv2d
/usr/lib/python3.12/copyreg.py:99: FutureWarning: `isinstance(treespec, LeafSpec)` is deprecated, use `isinstance(treespec, TreeSpec) and treespec.is_leaf()` instead.
  return cls.__new__(cls, *args)
W0822 15:59:58.095000 937398 torch/onnx/_internal/exporter/_registration.py:107] torchvision is not installed. Skipping torchvision::nms
W0822 15:59:58.096000 937398 torch/onnx/_internal/exporter/_registration.py:107] torchvision is not installed. Skipping torchvision::roi_align
W0822 15:59:58.096000 937398 torch/onnx/_internal/exporter/_registration.py:107] torchvision is not installed. Skipping torchvision::roi_pool
W0822 15:59:58.096000 937398 torch/onnx/_internal/exporter/_registration.py:107] torchvision is not installed. Skipping torchvision::deform_conv2d
/usr/lib/python3.12/copyreg.py:99: FutureWarning: `isinstance(treespec, LeafSpec)` is deprecated, use `isinstance(treespec, TreeSpec) and treespec.is_leaf()` instead.
  return cls.__new__(cls, *args)
ConstraintOptimizationAllocationStage: legacy kwargs configuration path is deprecated. Please pass a ConstraintOptStageConfig. Building config from kwargs for now.
seq=2048 mode=alternate ours(c4) med=1872.6 
mha(p4) med=1886.4
W0822 16:00:55.438000 938236 torch/onnx/_internal/exporter/_registration.py:107] torchvision is not installed. Skipping torchvision::nms
W0822 16:00:55.439000 938236 torch/onnx/_internal/exporter/_registration.py:107] torchvision is not installed. Skipping torchvision::roi_align
W0822 16:00:55.439000 938236 torch/onnx/_internal/exporter/_registration.py:107] torchvision is not installed. Skipping torchvision::roi_pool
W0822 16:00:55.439000 938236 torch/onnx/_internal/exporter/_registration.py:107] torchvision is not installed. Skipping torchvision::deform_conv2d
/usr/lib/python3.12/copyreg.py:99: FutureWarning: `isinstance(treespec, LeafSpec)` is deprecated, use `isinstance(treespec, TreeSpec) and treespec.is_leaf()` instead.
  return cls.__new__(cls, *args)
seq=2048 mode=alternate ours(c4) med=1860.0 
mha(p4) med=1816.0
W0822 16:01:00.477000 938322 torch/onnx/_internal/exporter/_registration.py:107] torchvision is not installed. Skipping torchvision::nms
W0822 16:01:00.478000 938322 torch/onnx/_internal/exporter/_registration.py:107] torchvision is not installed. Skipping torchvision::roi_align
W0822 16:01:00.478000 938322 torch/onnx/_internal/exporter/_registration.py:107] torchvision is not installed. Skipping torchvision::roi_pool
W0822 16:01:00.478000 938322 torch/onnx/_internal/exporter/_registration.py:107] torchvision is not installed. Skipping torchvision::deform_conv2d
/usr/lib/python3.12/copyreg.py:99: FutureWarning: `isinstance(treespec, LeafSpec)` is deprecated, use `isinstance(treespec, TreeSpec) and treespec.is_leaf()` instead.
  return cls.__new__(cls, *args)
seq=2048 mode=alternate ours(c4) med=1859.6 
mha(p4) med=1818.3
W0822 16:01:05.612000 938443 torch/onnx/_internal/exporter/_registration.py:107] torchvision is not installed. Skipping torchvision::nms
W0822 16:01:05.612000 938443 torch/onnx/_internal/exporter/_registration.py:107] torchvision is not installed. Skipping torchvision::roi_align
W0822 16:01:05.612000 938443 torch/onnx/_internal/exporter/_registration.py:107] torchvision is not installed. Skipping torchvision::roi_pool
W0822 16:01:05.612000 938443 torch/onnx/_internal/exporter/_registration.py:107] torchvision is not installed. Skipping torchvision::deform_conv2d
/usr/lib/python3.12/copyreg.py:99: FutureWarning: `isinstance(treespec, LeafSpec)` is deprecated, use `isinstance(treespec, TreeSpec) and treespec.is_leaf()` instead.
  return cls.__new__(cls, *args)
seq=2048 mode=alternate ours(c4) med=1861.9 
mha(p4) med=1819.4
W0822 16:01:11.924000 938553 torch/onnx/_internal/exporter/_registration.py:107] torchvision is not installed. Skipping torchvision::nms
W0822 16:01:11.925000 938553 torch/onnx/_internal/exporter/_registration.py:107] torchvision is not installed. Skipping torchvision::roi_align
W0822 16:01:11.925000 938553 torch/onnx/_internal/exporter/_registration.py:107] torchvision is not installed. Skipping torchvision::roi_pool
W0822 16:01:11.925000 938553 torch/onnx/_internal/exporter/_registration.py:107] torchvision is not installed. Skipping torchvision::deform_conv2d
/usr/lib/python3.12/copyreg.py:99: FutureWarning: `isinstance(treespec, LeafSpec)` is deprecated, use `isinstance(treespec, TreeSpec) and treespec.is_leaf()` instead.
  return cls.__new__(cls, *args)
seq=2048 mode=alternate ours(c4) med=1859.4 
mha(p4) med=1820.6
W0822 16:01:17.370000 938654 torch/onnx/_internal/exporter/_registration.py:107] torchvision is not installed. Skipping torchvision::nms
W0822 16:01:17.371000 938654 torch/onnx/_internal/exporter/_registration.py:107] torchvision is not installed. Skipping torchvision::roi_align
W0822 16:01:17.371000 938654 torch/onnx/_internal/exporter/_registration.py:107] torchvision is not installed. Skipping torchvision::roi_pool
W0822 16:01:17.371000 938654 torch/onnx/_internal/exporter/_registration.py:107] torchvision is not installed. Skipping torchvision::deform_conv2d
/usr/lib/python3.12/copyreg.py:99: FutureWarning: `isinstance(treespec, LeafSpec)` is deprecated, use `isinstance(treespec, TreeSpec) and treespec.is_leaf()` instead.
  return cls.__new__(cls, *args)
seq=2048 mode=alternate ours(c4) med=1865.8 
mha(p4) med=1817.2
