W0822 16:20:18.253000 965758 torch/onnx/_internal/exporter/_registration.py:107] torchvision is not installed. Skipping torchvision::nms
W0822 16:20:18.254000 965758 torch/onnx/_internal/exporter/_registration.py:107] torchvision is not installed. Skipping torchvision::roi_align
W0822 16:20:18.254000 965758 torch/onnx/_internal/exporter/_registration.py:107] torchvision is not installed. Skipping torchvision::roi_pool
W0822 16:20:18.254000 965758 torch/onnx/_internal/exporter/_registration.py:107] torchvision is not installed. Skipping torchvision::deform_conv2d
/usr/lib/python3.12/copyreg.py:99: FutureWarning: `isinstance(treespec, LeafSpec)` is deprecated, use `isinstance(treespec, TreeSpec) and treespec.is_leaf()` instead.
  return cls.__new__(cls, *args)
W0822 16:20:28.420000 965966 torch/onnx/_internal/exporter/_registration.py:107] torchvision is not installed. Skipping torchvision::nms
W0822 16:20:28.420000 965966 torch/onnx/_internal/exporter/_registration.py:107] torchvision is not installed. Skipping torchvision::roi_align
W0822 16:20:28.420000 965966 torch/onnx/_internal/exporter/_registration.py:107] torchvision is not installed. Skipping torchvision::roi_pool
W0822 16:20:28.420000 965966 torch/onnx/_internal/exporter/_registration.py:107] torchvision is not installed. Skipping torchvision::deform_conv2d
/usr/lib/python3.12/copyreg.py:99: FutureWarning: `isinstance(treespec, LeafSpec)` is deprecated, use `isinstance(treespec, TreeSpec) and treespec.is_leaf()` instead.
  return cls.__new__(cls, *args)
W0822 16:20:31.871000 966010 torch/onnx/_internal/exporter/_registration.py:107] torchvision is not installed. Skipping torchvision::nms
W0822 16:20:31.871000 966010 torch/onnx/_internal/exporter/_registration.py:107] torchvision is not installed. Skipping torchvision::roi_align
W0822 16:20:31.871000 966010 torch/onnx/_internal/exporter/_registration.py:107] torchvision is not installed. Skipping torchvision::roi_pool
W0822 16:20:31.871000 966010 torch/onnx/_internal/exporter/_registration.py:107] torchvision is not installed. Skipping torchvision::deform_conv2d
/usr/lib/python3.12/copyreg.py:99: FutureWarning: `isinstance(treespec, LeafSpec)` is deprecated, use `isinstance(treespec, TreeSpec) and treespec.is_leaf()` instead.
  return cls.__new__(cls, *args)
W0822 16:20:35.338000 966054 torch/onnx/_internal/exporter/_registration.py:107] torchvision is not installed. Skipping torchvision::nms
W0822 16:20:35.338000 966054 torch/onnx/_internal/exporter/_registration.py:107] torchvision is not installed. Skipping torchvision::roi_align
W0822 16:20:35.338000 966054 torch/onnx/_internal/exporter/_registration.py:107] torchvision is not installed. Skipping torchvision::roi_pool
W0822 16:20:35.338000 966054 torch/onnx/_internal/exporter/_registration.py:107] torchvision is not installed. Skipping torchvision::deform_conv2d
/usr/lib/python3.12/copyreg.py:99: FutureWarning: `isinstance(treespec, LeafSpec)` is deprecated, use `isinstance(treespec, TreeSpec) and treespec.is_leaf()` instead.
  return cls.__new__(cls, *args)
W0822 16:20:45.694000 966266 torch/onnx/_internal/exporter/_registration.py:107] torchvision is not installed. Skipping torchvision::nms
W0822 16:20:45.695000 966266 torch/onnx/_internal/exporter/_registration.py:107] torchvision is not installed. Skipping torchvision::roi_align
W0822 16:20:45.695000 966266 torch/onnx/_internal/exporter/_registration.py:107] torchvision is not installed. Skipping torchvision::roi_pool
W0822 16:20:45.695000 966266 torch/onnx/_internal/exporter/_registration.py:107] torchvision is not installed. Skipping torchvision::deform_conv2d
/usr/lib/python3.12/copyreg.py:99: FutureWarning: `isinstance(treespec, LeafSpec)` is deprecated, use `isinstance(treespec, TreeSpec) and treespec.is_leaf()` instead.
  return cls.__new__(cls, *args)
W0822 16:20:49.198000 966312 torch/onnx/_internal/exporter/_registration.py:107] torchvision is not installed. Skipping torchvision::nms
W0822 16:20:49.199000 966312 torch/onnx/_internal/exporter/_registration.py:107] torchvision is not installed. Skipping torchvision::roi_align
W0822 16:20:49.199000 966312 torch/onnx/_internal/exporter/_registration.py:107] torchvision is not installed. Skipping torchvision::roi_pool
W0822 16:20:49.199000 966312 torch/onnx/_internal/exporter/_registration.py:107] torchvision is not installed. Skipping torchvision::deform_conv2d
/usr/lib/python3.12/copyreg.py:99: FutureWarning: `isinstance(treespec, LeafSpec)` is deprecated, use `isinstance(treespec, TreeSpec) and treespec.is_leaf()` instead.
  return cls.__new__(cls, *args)
W0822 16:20:52.684000 966359 torch/onnx/_internal/exporter/_registration.py:107] torchvision is not installed. Skipping torchvision::nms
W0822 16:20:52.685000 966359 torch/onnx/_internal/exporter/_registration.py:107] torchvision is not installed. Skipping torchvision::roi_align
W0822 16:20:52.685000 966359 torch/onnx/_internal/exporter/_registration.py:107] torchvision is not installed. Skipping torchvision::roi_pool
W0822 16:20:52.685000 966359 torch/onnx/_internal/exporter/_registration.py:107] torchvision is not installed. Skipping torchvision::deform_conv2d
/usr/lib/python3.12/copyreg.py:99: FutureWarning: `isinstance(treespec, LeafSpec)` is deprecated, use `isinstance(treespec, TreeSpec) and treespec.is_leaf()` instead.
  return cls.__new__(cls, *args)
W0822 16:21:03.048000 966564 torch/onnx/_internal/exporter/_registration.py:107] torchvision is not installed. Skipping torchvision::nms
W0822 16:21:03.049000 966564 torch/onnx/_internal/exporter/_registration.py:107] torchvision is not installed. Skipping torchvision::roi_align
W0822 16:21:03.049000 966564 torch/onnx/_internal/exporter/_registration.py:107] torchvision is not installed. Skipping torchvision::roi_pool
W0822 16:21:03.049000 966564 torch/onnx/_internal/exporter/_registration.py:107] torchvision is not installed. Skipping torchvision::deform_conv2d
/usr/lib/python3.12/copyreg.py:99: FutureWarning: `isinstance(treespec, LeafSpec)` is deprecated, use `isinstance(treespec, TreeSpec) and treespec.is_leaf()` instead.
  return cls.__new__(cls, *args)
W0822 16:21:06.618000 966608 torch/onnx/_internal/exporter/_registration.py:107] torchvision is not installed. Skipping torchvision::nms
W0822 16:21:06.618000 966608 torch/onnx/_internal/exporter/_registration.py:107] torchvision is not installed. Skipping torchvision::roi_align
W0822 16:21:06.618000 966608 torch/onnx/_internal/exporter/_registration.py:107] torchvision is not installed. Skipping torchvision::roi_pool
W0822 16:21:06.618000 966608 torch/onnx/_internal/exporter/_registration.py:107] torchvision is not installed. Skipping torchvision::deform_conv2d
/usr/lib/python3.12/copyreg.py:99: FutureWarning: `isinstance(treespec, LeafSpec)` is deprecated, use `isinstance(treespec, TreeSpec) and treespec.is_leaf()` instead.
  return cls.__new__(cls, *args)
W0822 16:21:10.178000 966657 torch/onnx/_internal/exporter/_registration.py:107] torchvision is not installed. Skipping torchvision::nms
W0822 16:21:10.179000 966657 torch/onnx/_internal/exporter/_registration.py:107] torchvision is not installed. Skipping torchvision::roi_align
W0822 16:21:10.179000 966657 torch/onnx/_internal/exporter/_registration.py:107] torchvision is not installed. Skipping torchvision::roi_pool
W0822 16:21:10.179000 966657 torch/onnx/_internal/exporter/_registration.py:107] torchvision is not installed. Skipping torchvision::deform_conv2d
/usr/lib/python3.12/copyreg.py:99: FutureWarning: `isinstance(treespec, LeafSpec)` is deprecated, use `isinstance(treespec, TreeSpec) and treespec.is_leaf()` instead.
  return cls.__new__(cls, *args)
W0822 16:21:13.583000 966700 torch/onnx/_internal/exporter/_registration.py:107] torchvision is not installed. Skipping torchvision::nms
W0822 16:21:13.584000 966700 torch/onnx/_internal/exporter/_registration.py:107] torchvision is not installed. Skipping torchvision::roi_align
W0822 16:21:13.584000 966700 torch/onnx/_internal/exporter/_registration.py:107] torchvision is not installed. Skipping torchvision::roi_pool
W0822 16:21:13.584000 966700 torch/onnx/_internal/exporter/_registration.py:107] torchvision is not installed. Skipping torchvision::deform_conv2d
/usr/lib/python3.12/copyreg.py:99: FutureWarning: `isinstance(treespec, LeafSpec)` is deprecated, use `isinstance(treespec, TreeSpec) and treespec.is_leaf()` instead.
  return cls.__new__(cls, *args)
W0822 16:21:17.084000 966746 torch/onnx/_internal/exporter/_registration.py:107] torchvision is not installed. Skipping torchvision::nms
W0822 16:21:17.085000 966746 torch/onnx/_internal/exporter/_registration.py:107] torchvision is not installed. Skipping torchvision::roi_align
W0822 16:21:17.085000 966746 torch/onnx/_internal/exporter/_registration.py:107] torchvision is not installed. Skipping torchvision::roi_pool
W0822 16:21:17.085000 966746 torch/onnx/_internal/exporter/_registration.py:107] torchvision is not installed. Skipping torchvision::deform_conv2d
/usr/lib/python3.12/copyreg.py:99: FutureWarning: `isinstance(treespec, LeafSpec)` is deprecated, use `isinstance(treespec, TreeSpec) and treespec.is_leaf()` instead.
  return cls.__new__(cls, *args)
W0822 16:21:20.503000 966789 torch/onnx/_internal/exporter/_registration.py:107] torchvision is not installed. Skipping torchvision::nms
W0822 16:21:20.503000 966789 torch/onnx/_internal/exporter/_registration.py:107] torchvision is not installed. Skipping torchvision::roi_align
W0822 16:21:20.503000 966789 torch/onnx/_internal/exporter/_registration.py:107] torchvision is not installed. Skipping torchvision::roi_pool
W0822 16:21:20.503000 966789 torch/onnx/_internal/exporter/_registration.py:107] torchvision is not installed. Skipping torchvision::deform_conv2d
/usr/lib/python3.12/copyreg.py:99: FutureWarning: `isinstance(treespec, LeafSpec)` is deprecated, use `isinstance(treespec, TreeSpec) and treespec.is_leaf()` instead.
  return cls.__new__(cls, *args)
W0822 16:21:33.125000 967358 torch/onnx/_internal/exporter/_registration.py:107] torchvision is not installed. Skipping torchvision::nms
W0822 16:21:33.125000 967358 torch/onnx/_internal/exporter/_registration.py:107] torchvision is not installed. Skipping torchvision::roi_align
W0822 16:21:33.125000 967358 torch/onnx/_internal/exporter/_registration.py:107] torchvision is not installed. Skipping torchvision::roi_pool
W0822 16:21:33.125000 967358 torch/onnx/_internal/exporter/_registration.py:107] torchvision is not installed. Skipping torchvision::deform_conv2d
/usr/lib/python3.12/copyreg.py:99: FutureWarning: `isinstance(treespec, LeafSpec)` is deprecated, use `isinstance(treespec, TreeSpec) and treespec.is_leaf()` instead.
  return cls.__new__(cls, *args)
W0822 16:21:36.511000 967402 torch/onnx/_internal/exporter/_registration.py:107] torchvision is not installed. Skipping torchvision::nms
W0822 16:21:36.512000 967402 torch/onnx/_internal/exporter/_registration.py:107] torchvision is not installed. Skipping torchvision::roi_align
W0822 16:21:36.512000 967402 torch/onnx/_internal/exporter/_registration.py:107] torchvision is not installed. Skipping torchvision::roi_pool
W0822 16:21:36.512000 967402 torch/onnx/_internal/exporter/_registration.py:107] torchvision is not installed. Skipping torchvision::deform_conv2d
/usr/lib/python3.12/copyreg.py:99: FutureWarning: `isinstance(treespec, LeafSpec)` is deprecated, use `isinstance(treespec, TreeSpec) and treespec.is_leaf()` instead.
  return cls.__new__(cls, *args)
W0822 16:21:40.032000 967455 torch/onnx/_internal/exporter/_registration.py:107] torchvision is not installed. Skipping torchvision::nms
W0822 16:21:40.033000 967455 torch/onnx/_internal/exporter/_registration.py:107] torchvision is not installed. Skipping torchvision::roi_align
W0822 16:21:40.033000 967455 torch/onnx/_internal/exporter/_registration.py:107] torchvision is not installed. Skipping torchvision::roi_pool
W0822 16:21:40.033000 967455 torch/onnx/_internal/exporter/_registration.py:107] torchvision is not installed. Skipping torchvision::deform_conv2d
/usr/lib/python3.12/copyreg.py:99: FutureWarning: `isinstance(treespec, LeafSpec)` is deprecated, use `isinstance(treespec, TreeSpec) and treespec.is_leaf()` instead.
  return cls.__new__(cls, *args)
W0822 16:21:52.689000 968024 torch/onnx/_internal/exporter/_registration.py:107] torchvision is not installed. Skipping torchvision::nms
W0822 16:21:52.690000 968024 torch/onnx/_internal/exporter/_registration.py:107] torchvision is not installed. Skipping torchvision::roi_align
W0822 16:21:52.690000 968024 torch/onnx/_internal/exporter/_registration.py:107] torchvision is not installed. Skipping torchvision::roi_pool
W0822 16:21:52.690000 968024 torch/onnx/_internal/exporter/_registration.py:107] torchvision is not installed. Skipping torchvision::deform_conv2d
/usr/lib/python3.12/copyreg.py:99: FutureWarning: `isinstance(treespec, LeafSpec)` is deprecated, use `isinstance(treespec, TreeSpec) and treespec.is_leaf()` instead.
  return cls.__new__(cls, *args)
W0822 16:21:56.148000 968069 torch/onnx/_internal/exporter/_registration.py:107] torchvision is not installed. Skipping torchvision::nms
W0822 16:21:56.149000 968069 torch/onnx/_internal/exporter/_registration.py:107] torchvision is not installed. Skipping torchvision::roi_align
W0822 16:21:56.149000 968069 torch/onnx/_internal/exporter/_registration.py:107] torchvision is not installed. Skipping torchvision::roi_pool
W0822 16:21:56.149000 968069 torch/onnx/_internal/exporter/_registration.py:107] torchvision is not installed. Skipping torchvision::deform_conv2d
/usr/lib/python3.12/copyreg.py:99: FutureWarning: `isinstance(treespec, LeafSpec)` is deprecated, use `isinstance(treespec, TreeSpec) and treespec.is_leaf()` instead.
  return cls.__new__(cls, *args)
